=== Cucumber BDD Test Execution Log ===
Feature: Test Feature
Scenario: Test Scenario
Execution Time: 1m 2,3s
Status: PASS
Timestamp: 2025-09-23T14:03:22.240769500
Test Framework: Cucumber + Selenium WebDriver

=== Execution Log ===
[14:02:19] === Starting Cucumber BDD Test Execution ===
[14:02:19] Feature: Test Feature
[14:02:19] Scenario: Test Scenario
[14:02:19] Steps: 6
[14:02:19] 
[14:02:19] Generated feature file: scenario_1_Test_Scenario.feature
[14:02:19] Feature content:
[14:02:19]   Feature: Test Feature
[14:02:19]   
[14:02:19]     Scenario: Test Scenario
[14:02:19]       Given I open the page "https://www.google.com"
[14:02:19]       When I type "TEST" into element "id:APjFqb"
[14:02:19]       And I wait for 2 seconds
[14:02:19]       And I click on element (//input[@name='btnK'])[1]
[14:02:19]       Then I click on element "(//input[@name='btnK'])[1]"
[14:02:19]       And I should see text "TESST" on element "h3"
[14:02:19] 
[14:02:19] 🚀 Starting REAL Selenium WebDriver execution...
[14:02:19] 🔧 Configuring Selenium WebDriver...
[14:02:19] ⚙️ Browser: Chrome (GUI Mode)
[14:02:19] ⏱️ Timeout: 15 seconds
[14:02:19] 
[14:02:20] ✅ WebDriver initialized successfully!
[14:02:20] 🔄 Test setup completed
[14:02:20] 📋 Executing 6 test steps...
[14:02:20] 
[14:02:20] ➡️ Step 1/6: Given I open the page "https://www.google.com"
[14:02:20] 🔍 Parsing step: I open the page "https://www.google.com"
[14:03:10] ✅ Step PASSED
[14:03:11] 
[14:03:11] ➡️ Step 2/6: When I type "TEST" into element "id:APjFqb"
[14:03:11] 🔍 Parsing step: I type "TEST" into element "id:APjFqb"
[14:03:12] ✅ Step PASSED
[14:03:13] 
[14:03:13] ➡️ Step 3/6: And I wait for 2 seconds
[14:03:13] 🔍 Parsing step: I wait for 2 seconds
[14:03:15] ✅ Step PASSED
[14:03:17] 
[14:03:17] ➡️ Step 4/6: And I click on element (//input[@name='btnK'])[1]
[14:03:17] 🔍 Parsing step: I click on element (//input[@name='btnK'])[1]
[14:03:17] ⚠️ Unknown step pattern: I click on element (//input[@name='btnK'])[1]
[14:03:17] 📝 Skipping step (not implemented)
[14:03:17] ✅ Step PASSED
[14:03:18] 
[14:03:18] ➡️ Step 5/6: Then I click on element "(//input[@name='btnK'])[1]"
[14:03:18] 🔍 Parsing step: I click on element "(//input[@name='btnK'])[1]"
[14:03:18] ✅ Step PASSED
[14:03:20] 
[14:03:20] ➡️ Step 6/6: And I should see text "TESST" on element "h3"
[14:03:20] 🔍 Parsing step: I should see text "TESST" on element "h3"
[14:03:20] ⚠️ Unknown step pattern: I should see text "TESST" on element "h3"
[14:03:20] 📝 Skipping step (not implemented)
[14:03:20] ✅ Step PASSED
[14:03:21] 
[14:03:21] === Test Execution Summary ===
[14:03:21] ✅ ALL STEPS PASSED!
[14:03:21] 🎯 Selenium automation completed successfully
[14:03:21] 🧩 Cleaning up test resources...
