=== Cucumber BDD Test Execution Log ===
Feature: Test Feature
Scenario: Test Scenario
Execution Time: 14,66s
Status: FAIL
Timestamp: 2025-09-23T13:56:18.953003900
Test Framework: Cucumber + Selenium WebDriver

=== Execution Log ===
[13:56:04] === Starting Cucumber BDD Test Execution ===
[13:56:04] Feature: Test Feature
[13:56:04] Scenario: Test Scenario
[13:56:04] Steps: 6
[13:56:04] 
[13:56:04] Generated feature file: scenario_1_Test_Scenario.feature
[13:56:04] Feature content:
[13:56:04]   Feature: Test Feature
[13:56:04]   
[13:56:04]     Scenario: Test Scenario
[13:56:04]       Given I open the page "https://www.google.com"
[13:56:04]       When I type "TEST" into element "id=APjFqb"
[13:56:04]       And I wait for 2 seconds
[13:56:04]       And I click on element (//input[@name='btnK'])[1]
[13:56:04]       Then I click on element "(//input[@name='btnK'])[1]"
[13:56:04]       And I should see text "TESST" on element "h3"
[13:56:04] 
[13:56:04] 🚀 Starting REAL Selenium WebDriver execution...
[13:56:04] 🔧 Configuring Selenium WebDriver...
[13:56:04] ⚙️ Browser: Chrome (GUI Mode)
[13:56:04] ⏱️ Timeout: 15 seconds
[13:56:04] 
[13:56:05] ✅ WebDriver initialized successfully!
[13:56:05] 🔄 Test setup completed
[13:56:05] 📋 Executing 6 test steps...
[13:56:05] 
[13:56:05] ➡️ Step 1/6: Given I open the page "https://www.google.com"
[13:56:05] 🔍 Parsing step: I open the page "https://www.google.com"
[13:56:07] ✅ Step PASSED
[13:56:08] 
[13:56:08] ➡️ Step 2/6: When I type "TEST" into element "id=APjFqb"
[13:56:08] 🔍 Parsing step: I type "TEST" into element "id=APjFqb"
[13:56:18] ❌ Step execution failed: Element not found: id=APjFqb
[13:56:18] ❌ Step FAILED
[13:56:18] === Test Execution Summary ===
[13:56:18] ❌ TEST FAILED!
[13:56:18] 🚨 Failed at step 2/6
[13:56:18] 🧩 Cleaning up test resources...

=== Error Details ===
Test execution failed
