=== Cucumber BDD Test Execution Log ===
Feature: Upload
Scenario: Test upload
Execution Time: 18,16s
Status: FAIL
Timestamp: 2025-09-23T15:32:17.419091400
Test Framework: Cucumber + Selenium WebDriver

=== Execution Log ===
[15:31:59] === Starting Cucumber BDD Test Execution ===
[15:31:59] Feature: Upload
[15:31:59] Scenario: Test upload
[15:31:59] Steps: 4
[15:31:59] 
[15:31:59] Generated feature file: scenario_2_Test_upload.feature
[15:31:59] Feature content:
[15:31:59]   Feature: Upload
[15:31:59]   
[15:31:59]     Scenario: Test upload
[15:31:59]       Given I open the page "https://dev.osacademy.net/Explorations_Dhli/TestExcel"
[15:31:59]       And I wait for 3 seconds
[15:31:59]       When I click on element "css:input[type=file]"
[15:31:59]       And I wait for 2 seconds
[15:31:59] 
[15:31:59] 🚀 Starting REAL Selenium WebDriver execution...
[15:31:59] 🔧 Configuring Selenium WebDriver...
[15:31:59] ⚙️ Browser: Chrome (GUI Mode)
[15:31:59] ⏱️ Timeout: 15 seconds
[15:31:59] 
[15:32:00] ✅ WebDriver initialized successfully!
[15:32:00] 🔄 Test setup completed
[15:32:00] 📋 Executing 4 test steps...
[15:32:00] 
[15:32:00] ➡️ Step 1/4: Given I open the page "https://dev.osacademy.net/Explorations_Dhli/TestExcel"
[15:32:00] 🔍 Parsing step: I open the page "https://dev.osacademy.net/Explorations_Dhli/TestExcel"
[15:32:00] ✅ Step PASSED
[15:32:02] 
[15:32:02] ➡️ Step 2/4: And I wait for 3 seconds
[15:32:02] 🔍 Parsing step: I wait for 3 seconds
[15:32:05] ✅ Step PASSED
[15:32:06] 
[15:32:06] ➡️ Step 3/4: When I click on element "css:input[type=file]"
[15:32:06] 🔍 Parsing step: I click on element "css:input[type=file]"
[15:32:17] ❌ Step execution failed: Clickable element not found: css:input[type=file]
[15:32:17] ❌ Step FAILED
[15:32:17] === Test Execution Summary ===
[15:32:17] ❌ TEST FAILED!
[15:32:17] 🚨 Failed at step 3/4
[15:32:17] 🧩 Cleaning up test resources...

=== Error Details ===
Test execution failed
