=== Cucumber BDD Test Execution Log ===
Feature: Test Feature
Scenario: Test Scenario
Execution Time: 14,86s
Status: PASS
Timestamp: 2025-09-23T14:01:00.719093800
Test Framework: Cucumber + Selenium WebDriver

=== Execution Log ===
[14:00:45] === Starting Cucumber BDD Test Execution ===
[14:00:45] Feature: Test Feature
[14:00:45] Scenario: Test Scenario
[14:00:45] Steps: 6
[14:00:45] 
[14:00:45] Generated feature file: scenario_1_Test_Scenario.feature
[14:00:45] Feature content:
[14:00:45]   Feature: Test Feature
[14:00:45]   
[14:00:45]     Scenario: Test Scenario
[14:00:45]       Given I open the page "https://www.google.com"
[14:00:45]       When I type "TEST" into element "id:APjFqb"
[14:00:45]       And I wait for 2 seconds
[14:00:45]       And I click on element (//input[@name='btnK'])[1]
[14:00:45]       Then I click on element "(//input[@name='btnK'])[1]"
[14:00:45]       And I should see text "TESST" on element "h3"
[14:00:45] 
[14:00:45] 🚀 Starting REAL Selenium WebDriver execution...
[14:00:45] 🔧 Configuring Selenium WebDriver...
[14:00:45] ⚙️ Browser: Chrome (GUI Mode)
[14:00:45] ⏱️ Timeout: 15 seconds
[14:00:45] 
[14:00:46] ✅ WebDriver initialized successfully!
[14:00:46] 🔄 Test setup completed
[14:00:46] 📋 Executing 6 test steps...
[14:00:46] 
[14:00:46] ➡️ Step 1/6: Given I open the page "https://www.google.com"
[14:00:46] 🔍 Parsing step: I open the page "https://www.google.com"
[14:00:48] ✅ Step PASSED
[14:00:50] 
[14:00:50] ➡️ Step 2/6: When I type "TEST" into element "id:APjFqb"
[14:00:50] 🔍 Parsing step: I type "TEST" into element "id:APjFqb"
[14:00:50] ✅ Step PASSED
[14:00:52] 
[14:00:52] ➡️ Step 3/6: And I wait for 2 seconds
[14:00:52] 🔍 Parsing step: I wait for 2 seconds
[14:00:54] ✅ Step PASSED
[14:00:55] 
[14:00:55] ➡️ Step 4/6: And I click on element (//input[@name='btnK'])[1]
[14:00:55] 🔍 Parsing step: I click on element (//input[@name='btnK'])[1]
[14:00:55] ⚠️ Unknown step pattern: I click on element (//input[@name='btnK'])[1]
[14:00:55] 📝 Skipping step (not implemented)
[14:00:55] ✅ Step PASSED
[14:00:57] 
[14:00:57] ➡️ Step 5/6: Then I click on element "(//input[@name='btnK'])[1]"
[14:00:57] 🔍 Parsing step: I click on element "(//input[@name='btnK'])[1]"
[14:00:57] ✅ Step PASSED
[14:00:58] 
[14:00:58] ➡️ Step 6/6: And I should see text "TESST" on element "h3"
[14:00:58] 🔍 Parsing step: I should see text "TESST" on element "h3"
[14:00:58] ⚠️ Unknown step pattern: I should see text "TESST" on element "h3"
[14:00:58] 📝 Skipping step (not implemented)
[14:00:58] ✅ Step PASSED
[14:01:00] 
[14:01:00] === Test Execution Summary ===
[14:01:00] ✅ ALL STEPS PASSED!
[14:01:00] 🎯 Selenium automation completed successfully
[14:01:00] 🧩 Cleaning up test resources...
