=== Cucumber BDD Test Execution Log ===
Feature: Test Feature
Scenario: Test Scenario
Execution Time: 43,00s
Status: FAIL
Timestamp: 2025-09-23T13:54:51.858324500
Test Framework: Cucumber + Selenium WebDriver

=== Execution Log ===
[13:54:08] === Starting Cucumber BDD Test Execution ===
[13:54:08] Feature: Test Feature
[13:54:08] Scenario: Test Scenario
[13:54:08] Steps: 6
[13:54:08] 
[13:54:08] Generated feature file: scenario_1_Test_Scenario.feature
[13:54:08] Feature content:
[13:54:08]   Feature: Test Feature
[13:54:08]   
[13:54:08]     Scenario: Test Scenario
[13:54:08]       Given I open the page "https://www.google.com"
[13:54:08]       When I type "TEST" into element "name=q"
[13:54:08]       And I wait for 2 seconds
[13:54:08]       And I click on element (//input[@name='btnK'])[1]
[13:54:08]       Then I click on element "(//input[@name='btnK'])[1]"
[13:54:08]       And I should see text "TESST" on element "h3"
[13:54:08] 
[13:54:08] 🚀 Starting REAL Selenium WebDriver execution...
[13:54:08] 🔧 Configuring Selenium WebDriver...
[13:54:08] ⚙️ Browser: Chrome (GUI Mode)
[13:54:08] ⏱️ Timeout: 15 seconds
[13:54:08] 
[13:54:09] ✅ WebDriver initialized successfully!
[13:54:09] 🔄 Test setup completed
[13:54:09] 📋 Executing 6 test steps...
[13:54:09] 
[13:54:09] ➡️ Step 1/6: Given I open the page "https://www.google.com"
[13:54:09] 🔍 Parsing step: I open the page "https://www.google.com"
[13:54:40] ✅ Step PASSED
[13:54:41] 
[13:54:41] ➡️ Step 2/6: When I type "TEST" into element "name=q"
[13:54:41] 🔍 Parsing step: I type "TEST" into element "name=q"
[13:54:51] ❌ Step execution failed: Element not found: name=q
[13:54:51] ❌ Step FAILED
[13:54:51] === Test Execution Summary ===
[13:54:51] ❌ TEST FAILED!
[13:54:51] 🚨 Failed at step 2/6
[13:54:51] 🧩 Cleaning up test resources...

=== Error Details ===
Test execution failed
