=== Cucumber BDD Test Execution Log ===
Feature: Upload
Scenario: Test upload
Execution Time: 17,20s
Status: FAIL
Timestamp: 2025-09-23T15:26:39.155272500
Test Framework: Cucumber + Selenium WebDriver

=== Execution Log ===
[15:26:21] === Starting Cucumber BDD Test Execution ===
[15:26:21] Feature: Upload
[15:26:21] Scenario: Test upload
[15:26:21] Steps: 4
[15:26:21] 
[15:26:21] Generated feature file: scenario_2_Test_upload.feature
[15:26:21] Feature content:
[15:26:21]   Feature: Upload
[15:26:21]   
[15:26:21]     Scenario: Test upload
[15:26:21]       Given I open the page "https://dev.osacademy.net/Explorations_Dhli/TestExcel"
[15:26:21]       And I wait for 2 seconds
[15:26:21]       When I click on element "(//input[@type='file'])[1]"
[15:26:21]       And I wait for 2 seconds
[15:26:21] 
[15:26:21] 🚀 Starting REAL Selenium WebDriver execution...
[15:26:21] 🔧 Configuring Selenium WebDriver...
[15:26:21] ⚙️ Browser: Chrome (GUI Mode)
[15:26:21] ⏱️ Timeout: 15 seconds
[15:26:21] 
[15:26:22] ✅ WebDriver initialized successfully!
[15:26:22] 🔄 Test setup completed
[15:26:22] 📋 Executing 4 test steps...
[15:26:22] 
[15:26:22] ➡️ Step 1/4: Given I open the page "https://dev.osacademy.net/Explorations_Dhli/TestExcel"
[15:26:22] 🔍 Parsing step: I open the page "https://dev.osacademy.net/Explorations_Dhli/TestExcel"
[15:26:23] ✅ Step PASSED
[15:26:24] 
[15:26:24] ➡️ Step 2/4: And I wait for 2 seconds
[15:26:24] 🔍 Parsing step: I wait for 2 seconds
[15:26:26] ✅ Step PASSED
[15:26:28] 
[15:26:28] ➡️ Step 3/4: When I click on element "(//input[@type='file'])[1]"
[15:26:28] 🔍 Parsing step: I click on element "(//input[@type='file'])[1]"
[15:26:38] ❌ Step execution failed: Clickable element not found: (//input[@type='file'])[1]
[15:26:38] ❌ Step FAILED
[15:26:38] === Test Execution Summary ===
[15:26:38] ❌ TEST FAILED!
[15:26:38] 🚨 Failed at step 3/4
[15:26:38] 🧩 Cleaning up test resources...

=== Error Details ===
Test execution failed
