=== Cucumber BDD Test Execution Log ===
Feature: Upload
Scenario: Test upload
Execution Time: 13,15s
Status: PASS
Timestamp: 2025-09-23T15:35:32.565327600
Test Framework: Cucumber + Selenium WebDriver

=== Execution Log ===
[15:35:19] === Starting Cucumber BDD Test Execution ===
[15:35:19] Feature: Upload
[15:35:19] Scenario: Test upload
[15:35:19] Steps: 4
[15:35:19] 
[15:35:19] Generated feature file: scenario_2_Test_upload.feature
[15:35:19] Feature content:
[15:35:19]   Feature: Upload
[15:35:19]   
[15:35:19]     Scenario: Test upload
[15:35:19]       Given I open the page "https://dev.osacademy.net/Explorations_Dhli/TestExcel"
[15:35:19]       And I wait for 3 seconds
[15:35:19]       When I click on element "id:Upload1"
[15:35:19]       And I wait for 2 seconds
[15:35:19] 
[15:35:19] 🚀 Starting REAL Selenium WebDriver execution...
[15:35:19] 🔧 Configuring Selenium WebDriver...
[15:35:19] ⚙️ Browser: Chrome (GUI Mode)
[15:35:19] ⏱️ Timeout: 15 seconds
[15:35:19] 
[15:35:20] ✅ WebDriver initialized successfully!
[15:35:20] 🔄 Test setup completed
[15:35:20] 📋 Executing 4 test steps...
[15:35:20] 
[15:35:20] ➡️ Step 1/4: Given I open the page "https://dev.osacademy.net/Explorations_Dhli/TestExcel"
[15:35:20] 🔍 Parsing step: I open the page "https://dev.osacademy.net/Explorations_Dhli/TestExcel"
[15:35:21] ✅ Step PASSED
[15:35:22] 
[15:35:22] ➡️ Step 2/4: And I wait for 3 seconds
[15:35:22] 🔍 Parsing step: I wait for 3 seconds
[15:35:25] ✅ Step PASSED
[15:35:27] 
[15:35:27] ➡️ Step 3/4: When I click on element "id:Upload1"
[15:35:27] 🔍 Parsing step: I click on element "id:Upload1"
[15:35:27] ✅ Step PASSED
[15:35:28] 
[15:35:28] ➡️ Step 4/4: And I wait for 2 seconds
[15:35:28] 🔍 Parsing step: I wait for 2 seconds
[15:35:30] ✅ Step PASSED
[15:35:32] 
[15:35:32] === Test Execution Summary ===
[15:35:32] ✅ ALL STEPS PASSED!
[15:35:32] 🎯 Selenium automation completed successfully
[15:35:32] 🧩 Cleaning up test resources...
