=== Cucumber BDD Test Execution Log ===
Feature: Test Feature
Scenario: Test Scenario
Execution Time: 9,08s
Status: PASS
Timestamp: 2025-09-23T13:17:41.762174
Test Framework: Cucumber + Selenium WebDriver

=== Execution Log ===
[13:17:32] === Starting Cucumber BDD Test Execution ===
[13:17:32] Feature: Test Feature
[13:17:32] Scenario: Test Scenario
[13:17:32] Steps: 6
[13:17:32] 
[13:17:32] Generated feature file: scenario_1_Test_Scenario.feature
[13:17:32] Feature content:
[13:17:32]   Feature: Test Feature
[13:17:32]   
[13:17:32]     Scenario: Test Scenario
[13:17:32]       Given I open the page "https://www.google.com"
[13:17:32]       When I type "TEST" into element search
[13:17:32]       And I wait for 2 seconds
[13:17:32]       And I click on element (//input[@name='btnK'])[1]
[13:17:32]       Then I click on element "(//input[@name='btnK'])[1]"
[13:17:32]       And I should see text "TESST" on element "h3"
[13:17:32] 
[13:17:32] Executing Cucumber test...
[13:17:32] Executing step 1/6: Given I open the page "https://www.google.com"
[13:17:34] ✓ Step completed successfully
[13:17:34] Executing step 2/6: When I type "TEST" into element search
[13:17:35] ✓ Step completed successfully
[13:17:35] Executing step 3/6: And I wait for 2 seconds
[13:17:37] ✓ Step completed successfully
[13:17:37] Executing step 4/6: And I click on element (//input[@name='btnK'])[1]
[13:17:38] ✓ Step completed successfully
[13:17:38] Executing step 5/6: Then I click on element "(//input[@name='btnK'])[1]"
[13:17:40] ✓ Step completed successfully
[13:17:40] Executing step 6/6: And I should see text "TESST" on element "h3"
[13:17:41] ✓ Step completed successfully
[13:17:41] === All steps completed successfully ===
