=== Cucumber BDD Test Execution Log ===
Feature: Test Feature
Scenario: Test Scenario
Execution Time: 23,91s
Status: FAIL
Timestamp: 2025-09-23T13:43:29.162753700
Test Framework: Cucumber + Selenium WebDriver

=== Execution Log ===
[13:43:05] === Starting Cucumber BDD Test Execution ===
[13:43:05] Feature: Test Feature
[13:43:05] Scenario: Test Scenario
[13:43:05] Steps: 6
[13:43:05] 
[13:43:05] Generated feature file: scenario_1_Test_Scenario.feature
[13:43:05] Feature content:
[13:43:05]   Feature: Test Feature
[13:43:05]   
[13:43:05]     Scenario: Test Scenario
[13:43:05]       Given I open the page "https://www.google.com"
[13:43:05]       When I type "TEST" into element search
[13:43:05]       And I wait for 2 seconds
[13:43:05]       And I click on element (//input[@name='btnK'])[1]
[13:43:05]       Then I click on element "(//input[@name='btnK'])[1]"
[13:43:05]       And I should see text "TESST" on element "h3"
[13:43:05] 
[13:43:05] 🚀 Starting REAL Selenium WebDriver execution...
[13:43:05] 🔧 Configuring Selenium WebDriver...
[13:43:05] ⚙️ Browser: Chrome (GUI Mode)
[13:43:05] ⏱️ Timeout: 15 seconds
[13:43:05] 
[13:43:09] ✅ WebDriver initialized successfully!
[13:43:09] 🔄 Test setup completed
[13:43:09] 📋 Executing 6 test steps...
[13:43:09] 
[13:43:09] ➡️ Step 1/6: Given I open the page "https://www.google.com"
[13:43:09] 🔍 Parsing step: I open the page "https://www.google.com"
[13:43:10] ✅ Step PASSED
[13:43:11] 
[13:43:11] ➡️ Step 2/6: When I type "TEST" into element search
[13:43:11] 🔍 Parsing step: I type "TEST" into element search
[13:43:11] ⚠️ Unknown step pattern: I type "TEST" into element search
[13:43:11] 📝 Skipping step (not implemented)
[13:43:11] ✅ Step PASSED
[13:43:13] 
[13:43:13] ➡️ Step 3/6: And I wait for 2 seconds
[13:43:13] 🔍 Parsing step: I wait for 2 seconds
[13:43:15] ✅ Step PASSED
[13:43:16] 
[13:43:16] ➡️ Step 4/6: And I click on element (//input[@name='btnK'])[1]
[13:43:16] 🔍 Parsing step: I click on element (//input[@name='btnK'])[1]
[13:43:16] ⚠️ Unknown step pattern: I click on element (//input[@name='btnK'])[1]
[13:43:16] 📝 Skipping step (not implemented)
[13:43:16] ✅ Step PASSED
[13:43:18] 
[13:43:18] ➡️ Step 5/6: Then I click on element "(//input[@name='btnK'])[1]"
[13:43:18] 🔍 Parsing step: I click on element "(//input[@name='btnK'])[1]"
[13:43:28] ❌ Step execution failed: Clickable element not found: (//input[@name='btnK'])[1]
[13:43:28] ❌ Step FAILED
[13:43:28] === Test Execution Summary ===
[13:43:28] ❌ TEST FAILED!
[13:43:28] 🚨 Failed at step 5/6
[13:43:28] 🧩 Cleaning up test resources...

=== Error Details ===
Test execution failed
