=== Cucumber BDD Test Execution Log ===
Feature: Upload
Scenario: Test upload
Execution Time: 7,89s
Status: FAIL
Timestamp: 2025-09-23T15:27:25.725409400
Test Framework: Cucumber + Selenium WebDriver

=== Execution Log ===
[15:27:17] === Starting Cucumber BDD Test Execution ===
[15:27:17] Feature: Upload
[15:27:17] Scenario: Test upload
[15:27:17] Steps: 4
[15:27:17] 
[15:27:17] Generated feature file: scenario_2_Test_upload.feature
[15:27:17] Feature content:
[15:27:17]   Feature: Upload
[15:27:17]   
[15:27:17]     Scenario: Test upload
[15:27:17]       Given I open the page "https://dev.osacademy.net/Explorations_Dhli/TestExcel"
[15:27:17]       And I wait for 3 seconds
[15:27:17]       When I click on element "(//input[@type='file']"
[15:27:17]       And I wait for 2 seconds
[15:27:17] 
[15:27:17] 🚀 Starting REAL Selenium WebDriver execution...
[15:27:17] 🔧 Configuring Selenium WebDriver...
[15:27:17] ⚙️ Browser: Chrome (GUI Mode)
[15:27:17] ⏱️ Timeout: 15 seconds
[15:27:17] 
[15:27:18] ✅ WebDriver initialized successfully!
[15:27:18] 🔄 Test setup completed
[15:27:18] 📋 Executing 4 test steps...
[15:27:18] 
[15:27:18] ➡️ Step 1/4: Given I open the page "https://dev.osacademy.net/Explorations_Dhli/TestExcel"
[15:27:18] 🔍 Parsing step: I open the page "https://dev.osacademy.net/Explorations_Dhli/TestExcel"
[15:27:19] ✅ Step PASSED
[15:27:20] 
[15:27:20] ➡️ Step 2/4: And I wait for 3 seconds
[15:27:20] 🔍 Parsing step: I wait for 3 seconds
[15:27:23] ✅ Step PASSED
[15:27:25] 
[15:27:25] ➡️ Step 3/4: When I click on element "(//input[@type='file']"
[15:27:25] 🔍 Parsing step: I click on element "(//input[@type='file']"
[15:27:25] ❌ Step execution failed: Clickable element not found: (//input[@type='file']
[15:27:25] ❌ Step FAILED
[15:27:25] === Test Execution Summary ===
[15:27:25] ❌ TEST FAILED!
[15:27:25] 🚨 Failed at step 3/4
[15:27:25] 🧩 Cleaning up test resources...

=== Error Details ===
Test execution failed
