=== BDD Test Execution Log ===
Feature: Test Feature
Scenario: Test Scenario
Execution Time: 17,09s
Status: PASS
Timestamp: 2025-09-22T16:25:20.088422300

=== Execution Log ===
[16:25:02] === Starting BDD Test Execution ===
[16:25:02] Feature: Test Feature
[16:25:02] Scenario: Test Scenario
[16:25:02] Steps: 6
[16:25:02] 
[16:25:02] Setting up Chrome WebDriver...
[16:25:03] WebDriver initialized successfully
[16:25:03] Executing 6 test steps...
[16:25:03] 
[16:25:03] Step 1/6: Given I open the page "https://www.google.com"
[16:25:03] Current step text : i open the page "https://www.google.com"
[16:25:04] Navigated to Google homepage
[16:25:06] ✓ Step completed successfully
[16:25:06] 
[16:25:08] Step 2/6: When I type "TEST" into element search
[16:25:08] Current step text : i type "test" into element search
[16:25:08] Entered text in search field: test input
[16:25:08] ✓ Step completed successfully
[16:25:08] 
[16:25:09] Step 3/6: And I wait for 2 seconds
[16:25:09] Current step text : i wait for 2 seconds
[16:25:09] Executing generic step: I wait for 2 seconds
[16:25:10] ✓ Step completed successfully
[16:25:10] 
[16:25:12] Step 4/6: And I click on element (//input[@name='btnK'])[1]
[16:25:12] Current step text : i click on element (//input[@name='btnk'])[1]
[16:25:12] Click action simulated
[16:25:13] ✓ Step completed successfully
[16:25:13] 
[16:25:14] Step 5/6: Then I click on element "(//input[@name='btnK'])[1]"
[16:25:14] Current step text : i click on element "(//input[@name='btnk'])[1]"
[16:25:14] Click action simulated
[16:25:15] ✓ Step completed successfully
[16:25:15] 
[16:25:17] Step 6/6: And I should see text "TEST" on element "h3"
[16:25:17] Current step text : i should see text "test" on element "h3"
[16:25:17] Current page title: Google
[16:25:17] Verification completed successfully
[16:25:18] ✓ Step completed successfully
[16:25:18] 
[16:25:20] === All steps completed successfully ===
