=== BDD Test Execution Log ===
Feature: Test Feature
Scenario: Test Scenario
Execution Time: 18,88s
Status: PASS
Timestamp: 2025-09-22T16:22:41.651464

=== Execution Log ===
[16:22:22] === Starting BDD Test Execution ===
[16:22:22] Feature: Test Feature
[16:22:22] Scenario: Test Scenario
[16:22:22] Steps: 6
[16:22:22] 
[16:22:22] Setting up Chrome WebDriver...
[16:22:23] WebDriver initialized successfully
[16:22:23] Executing 6 test steps...
[16:22:23] 
[16:22:23] Step 1/6: Given I open the page "https://www.google.com"
[16:22:23] Current step text : i open the page "https://www.google.com"
[16:22:25] Navigated to Google homepage
[16:22:27] ✓ Step completed successfully
[16:22:27] 
[16:22:28] Step 2/6: When I type "TEST" into element "input[name='q']"
[16:22:28] Current step text : i type "test" into element "input[name='q']"
[16:22:28] Input action simulated: test input
[16:22:29] ✓ Step completed successfully
[16:22:29] 
[16:22:31] Step 3/6: And I wait for 2 seconds
[16:22:31] Current step text : i wait for 2 seconds
[16:22:31] Executing generic step: I wait for 2 seconds
[16:22:32] ✓ Step completed successfully
[16:22:32] 
[16:22:33] Step 4/6: And I click on element (//input[@name='btnK'])[1]
[16:22:33] Current step text : i click on element (//input[@name='btnk'])[1]
[16:22:33] Click action simulated
[16:22:34] ✓ Step completed successfully
[16:22:34] 
[16:22:36] Step 5/6: Then I click on element "(//input[@name='btnK'])[1]"
[16:22:36] Current step text : i click on element "(//input[@name='btnk'])[1]"
[16:22:36] Click action simulated
[16:22:37] ✓ Step completed successfully
[16:22:37] 
[16:22:38] Step 6/6: And I should see text "TEST" on element "h3"
[16:22:38] Current step text : i should see text "test" on element "h3"
[16:22:38] Current page title: Google
[16:22:39] Verification completed successfully
[16:22:40] ✓ Step completed successfully
[16:22:40] 
[16:22:41] === All steps completed successfully ===
